// Jest Snapshot v1, https://goo.gl/fbAQLP

exports[`<Button/> should render without crashing 1`] = `
<div>
  <button
    class="Button-q62e7v-0 hAohKb"
  />
</div>
`;
