// Jest Snapshot v1, https://goo.gl/fbAQLP

exports[`<GlobalStyle/> should render without crashing 1`] = `<div />`;
